../Core/Src/main.c:70:6:lora_write_register	24	static
../Core/Src/main.c:78:9:lora_read_register	32	static
../Core/Src/main.c:89:6:lora_init	16	static
../Core/Src/main.c:110:8:convert_to_decimal_degrees	64	static
../Core/Src/main.c:123:6:parse_gps_sentence	80	static
../Core/Src/main.c:165:6:lora_send_packet	24	static
../Core/Src/main.c:185:5:lora_receive_packet	40	static
../Core/Src/main.c:218:6:buzzer_beep_once	8	static
../Core/Src/main.c:224:6:buzzer_alarm_repeat	16	static
../Core/Src/main.c:233:6:buzzer_off	8	static
../Core/Src/main.c:237:6:lora_receive_handler	368	static
../Core/Src/main.c:292:5:main	8	static
../Core/Src/main.c:338:6:SystemClock_Config	72	static
../Core/Src/main.c:377:13:MX_SPI1_Init	8	static
../Core/Src/main.c:415:13:MX_USART2_UART_Init	8	static
../Core/Src/main.c:448:13:MX_GPIO_Init	32	static
../Core/Src/main.c:497:6:HAL_UART_RxCpltCallback	16	static
../Core/Src/main.c:512:6:HAL_GPIO_EXTI_Callback	16	static
../Core/Src/main.c:524:6:Error_Handler	8	static,ignoring_inline_asm
